  ! 01dec2021-28feb2022 dl 실패 HTTP Error 404: Not Found
  ! 01mar2022-31may2022 dl 실패 HTTP Error 404: Not Found
  ! 01jun2022-31aug2022 dl 실패 HTTP Error 404: Not Found
  ! 01sep2022-30nov2022 dl 실패 HTTP Error 404: Not Found
  ! 01dec2022-28feb2023 dl 실패 HTTP Error 404: Not Found
  ! 01mar2023-31may2023 dl 실패 HTTP Error 404: Not Found
  ! 01jun2023-31aug2023 dl 실패 HTTP Error 404: Not Found
  ! 01sep2023-30nov2023 dl 실패 HTTP Error 404: Not Found
  ! 01dec2023-29feb2024 dl 실패 HTTP Error 404: Not Found
  01mar2024-31may2024: 제출 8130 → 액티브 4957 | 누적행 393096
  01jun2024-31aug2024: 제출 8125 → 액티브 4925 | 누적행 785941
  01sep2024-30nov2024: 제출 8123 → 액티브 4986 | 누적행 1188551
  01dec2024-28feb2025: 제출 8721 → 액티브 5546 | 누적행 1637112
  01mar2025-31may2025: 제출 8898 → 액티브 5667 | 누적행 2087284
  ! 01jun2025-31aug2025 테이블 없음 ['01JUN2025-31AUG2025_form13f/', '01JUN2025-31AUG2025_form13f/COVERPAGE.tsv', '01JUN2025-31AUG2025_form13f/FORM13F_metadata.json', '01JUN2025-31AUG2025_form13f/FORM13F_readme.htm']
  01sep2025-30nov2025: 제출 8570 → 액티브 5227 | 누적행 2517641
  01dec2025-28feb2026: 제출 9364 → 액티브 5741 | 누적행 2981357
/Users/mg_mac/MGPrj/us_funds_alpha/scripts/f13_collect.py:77: UserWarning: Could not infer format, so each element will be parsed individually, falling back to `dateutil`. To ensure parsing is consistent and as-expected, please specify a format.
  df["filingDate"] = pd.to_datetime(df["filingDate"], errors='coerce')
/Users/mg_mac/MGPrj/us_funds_alpha/scripts/f13_collect.py:78: UserWarning: Could not infer format, so each element will be parsed individually, falling back to `dateutil`. To ensure parsing is consistent and as-expected, please specify a format.
  df["reportDate"] = pd.to_datetime(df["reportDate"], errors='coerce')

저장 f13_panel.parquet (2981357, 7) | 매니저 6631 | 분기 61
